// Jest Snapshot v1, https://goo.gl/fbAQLP

exports[`renders correctly 1`] = `
<div
  className="list-item"
>
  <a
    href="uk-news.com"
  >
    UK News
  </a>
</div>
`;
